#-----------------------------------------------------------
# Vivado v2023.2 (64-bit)
# SW Build 4029153 on Fri Oct 13 20:14:34 MDT 2023
# IP Build 4028589 on Sat Oct 14 00:45:43 MDT 2023
# SharedData Build 4025554 on Tue Oct 10 17:18:54 MDT 2023
# Start of session at: Thu Feb  1 21:15:54 2024
# Process ID: 10060
# Current directory: C:/Users/Di heng/Desktop/SCSE Y2S2/SC2103 Digital Systems Design/Lab/Lab 2/project_1
# Command line: vivado.exe -gui_launcher_event rodinguilauncherevent24332 C:\Users\Di heng\Desktop\SCSE Y2S2\SC2103 Digital Systems Design\Lab\Lab 2\project_1\project_1.xpr
# Log file: C:/Users/Di heng/Desktop/SCSE Y2S2/SC2103 Digital Systems Design/Lab/Lab 2/project_1/vivado.log
# Journal file: C:/Users/Di heng/Desktop/SCSE Y2S2/SC2103 Digital Systems Design/Lab/Lab 2/project_1\vivado.jou
# Running On: DESKTOP-65BOGKD, OS: Windows, CPU Frequency: 3693 MHz, CPU Physical cores: 12, Host memory: 17103 MB
#-----------------------------------------------------------
start_gui
open_project {C:/Users/Di heng/Desktop/SCSE Y2S2/SC2103 Digital Systems Design/Lab/Lab 2/project_1/project_1.xpr}
update_compile_order -fileset sources_1
launch_simulation
launch_simulation
launch_simulation
launch_simulation
source Lab2_top_tb.tcl
relaunch_sim
relaunch_sim
close_sim
launch_simulation
source Lab2_top_tb.tcl
relaunch_sim
